
Category: photography
  rendering: portrait
  rendering: street
  rendering: macro
  rendering: cinematic
  rendering: fashion
  rendering: aerial
  rendering: long_exposure
  rendering: infrared
  rendering: underwater
  rendering: tilt_shift
  rendering: night
  rendering: documentary
  rendering: candid
  rendering: boudoir
  rendering: architectural
  rendering: sports
  rendering: astrophotography
  rendering: food
  rendering: fine_art_nude
  rendering: pinhole
  rendering: wet_plate
  rendering: daguerreotype
  rendering: platinum_palladium
  rendering: gelatin_silver
  rendering: c_print
  rendering: polaroid
  rendering: lomography
  rendering: cross_processed
  rendering: double_exposure
  rendering: light_painting
  rendering: high_speed
  rendering: kirlian
  rendering: schlieren
  rendering: photomicrography
  rendering: panoramic
  rendering: tintype_ferrotype
  rendering: ambrotype
  rendering: calotype_talbotype
  rendering: salt_print
  rendering: gum_bichromate
  rendering: oil_print_bromoil
  rendering: carbon_print
  rendering: polaroid_transfer_emulsion_lift
  rendering: chemigram
  rendering: luminogram_photogram
  rendering: cliche_verre
  rendering: stereoscopic_3d_photo
  rendering: stitched_panorama
  rendering: tilted_hdr_panorama
  rendering: aerial_orthophoto

Category: illustration
  rendering: line_art
  rendering: watercolor
  rendering: pen_and_wash
  rendering: charcoal
  rendering: gouache
  rendering: scratchboard
  rendering: crosshatching
  rendering: scientific_illustration
  rendering: concept_art
  rendering: childrens_book
  rendering: graphite
  rendering: colored_pencil
  rendering: marker_rendering
  rendering: pastel_drawing
  rendering: oil_pastel
  rendering: silverpoint
  rendering: airbrush
  rendering: vector_line_art
  rendering: pixel_art
  rendering: technical_illustration
  rendering: blind_contour_drawing
  rendering: gesture_drawing
  rendering: figure_drawing
  rendering: still_life_drawing
  rendering: architectural_sketch
  rendering: urban_sketching
  rendering: thumbnail_sketch
  rendering: value_study
  rendering: stippling
  rendering: scribble_art

Category: comics
  rendering: ligne_claire
  rendering: silver_age
  rendering: manga_shonen
  rendering: noir_comic
  rendering: european_album
  rendering: newspaper_comic
  rendering: underground_comix
  rendering: webtoon
  rendering: pulp_comic
  rendering: graphic_novel
  rendering: silver_age_horror
  rendering: french_bd_noir
  rendering: independent_comic
  rendering: sunday_funnies
  rendering: webcomic_infinite_canvas

Category: film_cinema
  rendering: film_noir
  rendering: german_expressionism
  rendering: french_new_wave
  rendering: technicolor
  rendering: dogme_95
  rendering: wes_anderson
  rendering: spike_lee
  rendering: hitchcockian
  rendering: kubrick
  rendering: tarantino
  rendering: wong_kar_wai
  rendering: nolan_imax
  rendering: fincher
  rendering: gaspar_noe
  rendering: terrence_malick
  rendering: studio_ghibli
  rendering: kurosawa
  rendering: tarkovsky
  rendering: bergman
  rendering: fellini
  rendering: handheld_shaky_cam
  rendering: dutch_angle
  rendering: match_cut
  rendering: pov_first_person
  rendering: split_screen
  rendering: slow_motion
  rendering: time_lapse
  rendering: deep_focus
  rendering: rack_focus
  rendering: overhead_gods_eye
  rendering: tracking_shot
  rendering: crash_zoom
  rendering: lens_flare
  rendering: chiaroscuro
  rendering: negative_space
  rendering: dolly_zoom
  rendering: iris_shot
  rendering: whip_pan
  rendering: freeze_frame
  rendering: bullet_time
  rendering: montage_soviet
  rendering: jump_cut
  rendering: long_take_oneshot
  rendering: snorricam
  rendering: day_for_night
  rendering: blue_screen_chroma_key
  rendering: rear_projection
  rendering: matte_painting_film
  rendering: miniature_forced_perspective
  rendering: stop_motion_animation
  rendering: rotoscoping
  rendering: motion_capture_cinematography
  rendering: deepfake_synthetic_face
  rendering: ai_generated_video
  rendering: virtual_production_led_volume

Category: painting
  rendering: oil_painting
  rendering: acrylic
  rendering: impasto
  rendering: glazing
  rendering: sfumato
  rendering: alla_prima
  rendering: fresco
  rendering: tempera
  rendering: encaustic
  rendering: egg_tempera
  rendering: plein_air
  rendering: palette_knife
  rendering: dry_brush
  rendering: scumbling
  rendering: grisaille
  rendering: verdaccio
  rendering: tenebrism
  rendering: divisionism
  rendering: pointillism
  rendering: tachisme
  rendering: aerosol
  rendering: enamel_painting
  rendering: casein_painting
  rendering: vinyl_paint
  rendering: automotive_paint
  rendering: reverse_glass
  rendering: sand_painting
  rendering: action_painting
  rendering: hard_edge_painting
  rendering: color_field_painting

Category: art_movements
  rendering: impressionism
  rendering: post_impressionism
  rendering: cubism
  rendering: surrealism
  rendering: abstract_expressionism
  rendering: pop_art
  rendering: minimalism
  rendering: art_nouveau
  rendering: art_deco
  rendering: bauhaus
  rendering: de_stijl
  rendering: futurism
  rendering: dada
  rendering: fauvism
  rendering: expressionism
  rendering: baroque
  rendering: rococo
  rendering: neoclassicism
  rendering: romanticism
  rendering: preraphaelite
  rendering: orphism
  rendering: vorticism
  rendering: synchromism
  rendering: precisionism
  rendering: regionalism
  rendering: social_realism
  rendering: magic_realism
  rendering: neo_expressionism
  rendering: transavantgarde
  rendering: yba

Category: anime_manga
  rendering: nineties_cel_anime
  rendering: modern_digital_anime
  rendering: ghibli_studio
  rendering: makoto_shinkai
  rendering: satoshi_kon
  rendering: ghost_in_the_shell
  rendering: akira_otomo
  rendering: shoujo_takeuchi
  rendering: clamp_ornate
  rendering: yoshitaka_amano
  rendering: evangelion
  rendering: cowboy_bebop
  rendering: one_piece_oda
  rendering: jojos_bizarre_adventure
  rendering: junji_ito_horror
  rendering: inio_asano_realism
  rendering: yotsuba_azuma
  rendering: urasawa_monster
  rendering: vagabond_inoue
  rendering: otoyomegatari_mori
  rendering: isekai_fantasy
  rendering: mecha_gundam
  rendering: slice_of_life_moe
  rendering: superflat
  rendering: gekiga_mature
  rendering: chibi_super_deformed
  rendering: kemonomimi_animal_ear
  rendering: yaoi_bl_style
  rendering: yuri_gl_style
  rendering: dark_fantasy_manga
  rendering: sports_manga
  rendering: cooking_manga
  rendering: music_manga_band
  rendering: bl_visual_novel
  rendering: otome_game
  rendering: visual_kei
  rendering: gothic_lolita
  rendering: decora_harajuku_fashion
  rendering: cyberpunk_anime
  rendering: steampunk_manga
  rendering: magical_girl_transformation
  rendering: harem_romcom
  rendering: psychological_thriller_anime
  rendering: post_apocalyptic_anime
  rendering: cute_girls_doing_cute_things
  rendering: reverse_harem_otome
  rendering: trapped_in_game_isekai_game
  rendering: historical_fantasy_anime
  rendering: tokusatsu_henshin_hero
  rendering: mecha_pilot_drama

Category: three_d_digital
  rendering: low_poly
  rendering: voxel
  rendering: clay_render
  rendering: wireframe
  rendering: photoreal_3d
  rendering: cel_shaded_3d
  rendering: isometric_pixel
  rendering: 8bit_pixel
  rendering: 16bit_pixel
  rendering: vector_flat
  rendering: 3d_matte_painting
  rendering: digital_oil_painting
  rendering: photobashing
  rendering: kitbashing
  rendering: blender_donut
  rendering: subsurface_scattering
  rendering: npr_render
  rendering: procedural_generation
  rendering: particle_system_render
  rendering: motion_graphics_3d
  rendering: ray_traced_render
  rendering: path_traced_global_illumination
  rendering: ambient_occlusion_pass
  rendering: zbrush_sculpt_render
  rendering: physically_based_rendering
  rendering: real_time_render_game_engine
  rendering: volumetric_render
  rendering: fractal_art_mandelbrot
  rendering: data_visualization_info_aesthetic
  rendering: generative_ai_image
  rendering: sss_subsurface_scattering
  rendering: displacement_mapping
  rendering: normal_mapping_bump
  rendering: texture_baking
  rendering: light_baking
  rendering: hdri_environment_lighting
  rendering: motion_capture_mocap
  rendering: photogrammetry_scan
  rendering: retopology_wireframe
  rendering: lod_level_of_detail
  rendering: particle_hair_fur
  rendering: fluid_simulation
  rendering: cloth_simulation
  rendering: rigid_body_dynamics
  rendering: soft_body_dynamics

Category: print_graphic
  rendering: silkscreen_serigraphy
  rendering: linocut
  rendering: woodblock_print
  rendering: risograph
  rendering: letterpress
  rendering: screen_print_poster
  rendering: cyanotype
  rendering: blueprint_schematic
  rendering: offset_lithography
  rendering: rubber_stamp
  rendering: newspaper_halftone
  rendering: photocopied_zine
  rendering: mimeograph
  rendering: cmyk_misregistration
  rendering: foil_stamp
  rendering: lithograph_stone_print
  rendering: etching_intaglio
  rendering: monotype_print
  rendering: thermography_raised_print
  rendering: photogravure
  rendering: intaglio_copperplate
  rendering: aquatint
  rendering: mezzotint
  rendering: drypoint
  rendering: collagraph
  rendering: linocut_reduction
  rendering: wood_engraving
  rendering: litho_crayon_tusche
  rendering: transfer_print
  rendering: blind_emboss_deboss
  rendering: thermal_receipt_print
  rendering: dot_matrix_print
  rendering: flexography_package
  rendering: gravure_rotogravure
  rendering: pad_printing
  rendering: embroidery_patch_merrowed
  rendering: woven_label_damask
  rendering: hot_foil_stamping
  rendering: edge_painting_gilding
  rendering: die_cut_window

Category: object_artifact
  rendering: arcade_cabinet_screen
  rendering: pinball_backglass
  rendering: trading_card_foil_holo
  rendering: vhs_box_cover
  rendering: vinyl_record_sleeve
  rendering: cassette_jcard
  rendering: postage_stamp
  rendering: banknote_engraving
  rendering: coin_face
  rendering: matchbox_label
  rendering: snow_globe
  rendering: action_figure_blister_pack
  rendering: pop_up_book_spread
  rendering: cereal_box
  rendering: museum_diorama
  rendering: tarot_card
  rendering: vintage_travel_poster
  rendering: enamel_pin
  rendering: holographic_sticker
  rendering: viewmaster_slide
  rendering: film_strip_frame
  rendering: playing_card
  rendering: concert_ticket_stub
  rendering: commemorative_medal
  rendering: video_game_cartridge
  rendering: cameo_brooch
  rendering: pocket_watch
  rendering: old_map_parchment
  rendering: glass_marble
  rendering: shadow_box_frame
  rendering: wax_seal_on_letter
  rendering: film_negative_strip
  rendering: 35mm_slide_mount
  rendering: magic_lantern_slide
  rendering: daguerreotype_case
  rendering: product_design_render
  rendering: industrial_design_sketch
  rendering: automotive_design_concept
  rendering: sneaker_trainer_design
  rendering: watch_horology_face
  rendering: packaging_label_design_mockup
  rendering: furniture_design_render
  rendering: jewelry_design_board

Category: craft_material
  rendering: embroidery
  rendering: cross_stitch
  rendering: needlepoint
  rendering: crochet
  rendering: knitwear
  rendering: felted_wool
  rendering: macrame
  rendering: woven_tapestry
  rendering: quilted
  rendering: needle_felted
  rendering: papercraft
  rendering: origami
  rendering: paper_quilling
  rendering: stained_glass
  rendering: mosaic
  rendering: beadwork
  rendering: leather_tooling
  rendering: basketry_weaving
  rendering: glass_blowing
  rendering: ceramic_glazing
  rendering: batik_wax_resist
  rendering: tie_dye_shibori
  rendering: marbling_ebru
  rendering: lacquerware_urushi
  rendering: wood_turning
  rendering: marquetry_inlay
  rendering: goldsmithing_filigree
  rendering: enameling_cloisonne
  rendering: ikebana
  rendering: bonsai
  rendering: puppet_making_marionette
  rendering: mask_making_papier_mache
  rendering: candle_making
  rendering: soap_carving
  rendering: leather_burning_pyrography
  rendering: metal_embossing_repousse
  rendering: wire_wrapping_jewelry
  rendering: polymer_clay_sculpting
  rendering: resin_casting
  rendering: terrarium_miniature_garden
  rendering: bookbinding_codex
  rendering: calligraphy_hand_lettering
  rendering: sumi_e_ink_painting
  rendering: marbled_paper_ebru
  rendering: papercutting_scherenschnitte

Category: collage_mixed
  rendering: paper_collage
  rendering: photomontage
  rendering: digital_collage
  rendering: decollage
  rendering: exquisite_corpse
  rendering: assemblage
  rendering: mixed_media_canvas
  rendering: image_transfer
  rendering: tape_art
  rendering: sticker_collage
  rendering: decoupage
  rendering: ransom_note
  rendering: glitch_collage
  rendering: scanography
  rendering: frottage_grattage
  rendering: digital_photomontage
  rendering: xerox_art
  rendering: mail_art
  rendering: altered_book
  rendering: junk_journal
  rendering: assemblage_box
  rendering: textile_collage
  rendering: typographic_collage
  rendering: street_art_paste_up
  rendering: altered_photography
  rendering: washi_chiyogami
  rendering: map_collage
  rendering: seed_bead_collage
  rendering: button_art
  rendering: fabric_textile_collage
  rendering: assemblage_sculpture
  rendering: altered_photo_painted
  rendering: digital_glitch_art
  rendering: paper_marbling_collage
  rendering: tea_stained_distressed

Done. 468 rendered, 0 failed.
